start testsâ€¦
swap { x = "hello"; y = "world"; artificial_delay_s = None; } =
{ x = "world"; y = "hello"; artificial_delay_s = None; }
after timeout: (Error [31;1mError[0m{ Kind.name = "Timeout" }:
                        Timeout)
end tests
listening on port 123456
start testsâ€¦
swap { x = "hello"; y = "world"; artificial_delay_s = None; } =
{ x = "world"; y = "hello"; artificial_delay_s = None; }
after timeout: (Error [31;1mError[0m{ Kind.name = "Timeout" }:
                        Timeout)
end tests
start testsâ€¦
swap { x = "hello"; y = "world"; artificial_delay_s = None; } =
{ x = "world"; y = "hello"; artificial_delay_s = None; }
after timeout: (Error [31;1mError[0m{ Kind.name = "Timeout" }:
                        Timeout)
end tests
listening on port 123456
start testsâ€¦
swap { x = "hello"; y = "world"; artificial_delay_s = None; } =
{ x = "world"; y = "hello"; artificial_delay_s = None; }
after timeout: (Error [31;1mError[0m{ Kind.name = "Timeout" }:
                        Timeout)
end tests
